> Task :build-logic:convention:checkKotlinGradlePluginConfigurationErrors SKIPPED
> Task :build-logic:convention:generateExternalPluginSpecBuilders UP-TO-DATE
> Task :build-logic:convention:extractPrecompiledScriptPluginPlugins UP-TO-DATE
> Task :build-logic:convention:compilePluginsBlocks UP-TO-DATE
> Task :build-logic:convention:generatePrecompiledScriptPluginAccessors UP-TO-DATE
> Task :build-logic:convention:generateScriptPluginAdapters UP-TO-DATE
> Task :build-logic:convention:compileKotlin UP-TO-DATE
> Task :build-logic:convention:compileJava NO-SOURCE
> Task :build-logic:convention:pluginDescriptors UP-TO-DATE
> Task :build-logic:convention:processResources UP-TO-DATE
> Task :build-logic:convention:classes UP-TO-DATE
> Task :build-logic:convention:jar UP-TO-DATE
> Task :core:designsystem:checkKotlinGradlePluginConfigurationErrors SKIPPED
> Task :core:designsystem:preBuild UP-TO-DATE
> Task :core:designsystem:preDebugBuild UP-TO-DATE
> Task :core:designsystem:generateDebugResValues UP-TO-DATE
> Task :core:designsystem:generateDebugResources UP-TO-DATE
> Task :core:designsystem:packageDebugResources UP-TO-DATE
> Task :core:designsystem:processDebugNavigationResources UP-TO-DATE
> Task :core:designsystem:parseDebugLocalResources UP-TO-DATE
> Task :core:designsystem:generateDebugRFile UP-TO-DATE
> Task :core:designsystem:compileDebugKotlin UP-TO-DATE
> Task :core:designsystem:javaPreCompileDebug UP-TO-DATE
> Task :core:designsystem:compileDebugJavaWithJavac NO-SOURCE
> Task :core:designsystem:bundleLibCompileToJarDebug UP-TO-DATE
> Task :core:model:checkKotlinGradlePluginConfigurationErrors SKIPPED
> Task :core:model:preBuild UP-TO-DATE
> Task :core:model:preDebugBuild UP-TO-DATE
> Task :core:model:generateDebugResValues UP-TO-DATE
> Task :core:model:generateDebugResources UP-TO-DATE
> Task :core:model:packageDebugResources UP-TO-DATE
> Task :core:model:processDebugNavigationResources UP-TO-DATE
> Task :core:model:parseDebugLocalResources UP-TO-DATE
> Task :core:model:generateDebugRFile UP-TO-DATE
> Task :core:model:compileDebugKotlin UP-TO-DATE
> Task :core:model:javaPreCompileDebug UP-TO-DATE
> Task :core:model:compileDebugJavaWithJavac NO-SOURCE
> Task :core:model:bundleLibCompileToJarDebug UP-TO-DATE
> Task :core:ui:checkKotlinGradlePluginConfigurationErrors SKIPPED
> Task :core:ui:preBuild UP-TO-DATE
> Task :core:ui:preDebugBuild UP-TO-DATE
> Task :core:ui:generateDebugResValues UP-TO-DATE
> Task :core:ui:generateDebugResources UP-TO-DATE
> Task :core:ui:packageDebugResources UP-TO-DATE
> Task :core:ui:processDebugNavigationResources UP-TO-DATE
> Task :core:ui:parseDebugLocalResources UP-TO-DATE
> Task :core:ui:generateDebugRFile UP-TO-DATE

> Task :core:ui:compileDebugKotlin FAILED
./gradlew : e: file:///D:/Data/And
roid/AINote/core/ui/src/main/kotli
n/com/ainote/core/ui/components/No
teCard.kt:115:26 Unresolved 
reference 'tags'.
At line:1 char:1
+ ./gradlew 
:core:ui:compileDebugKotlin > 
build_output.txt 2>&1
+ ~~~~~~~~~~~~~~~~~~~~~~~~~~~~~~~~
~~~~~~~~~~~~~~~~~~~~~~~~~~~~~
    + CategoryInfo          : Not 
   Specified: (e: file:///D:/D..  
  .ference 'tags'.:String) [],    
 RemoteException
    + FullyQualifiedErrorId : Nat 
   iveCommandError
 
e: file:///D:/Data/Android/AINote/
core/ui/src/main/kotlin/com/ainote
/core/ui/components/NoteCard.kt:12
3:41 Unresolved reference 'tags'.
e: file:///D:/Data/Android/AINote/
core/ui/src/main/kotlin/com/ainote
/core/ui/components/NoteCard.kt:12
3:54 Unresolved reference 'name'.
e: file:///D:/Data/Android/AINote/
core/ui/src/main/kotlin/com/ainote
/core/ui/components/NoteCard.kt:13
3:26 Unresolved reference 
'linkedNoteIds'.
e: file:///D:/Data/Android/AINote/
core/ui/src/main/kotlin/com/ainote
/core/ui/components/NoteCard.kt:13
3:61 Unresolved reference 
'backlinkedNoteIds'.
e: file:///D:/Data/Android/AINote/
core/ui/src/main/kotlin/com/ainote
/core/ui/components/NoteCard.kt:14
4:47 Unresolved reference 
'linkedNoteIds'.
e: file:///D:/Data/Android/AINote/
core/ui/src/main/kotlin/com/ainote
/core/ui/components/NoteCard.kt:14
4:73 Unresolved reference 
'backlinkedNoteIds'.

FAILURE: Build failed with an 
exception.

* What went wrong:
Execution failed for task 
':core:ui:compileDebugKotlin'.
> A failure occurred while 
executing org.jetbrains.kotlin.com
pilerRunner.GradleCompilerRunnerWi
thWorkers$GradleKotlinCompilerWork
Action
   > Compilation error. See log 
for more details

* Try:
> Run with --stacktrace option to 
get the stack trace.
> Run with --info or --debug 
option to get more log output.
> Run with --scan to get full 
insights.
> Get more help at 
https://help.gradle.org.

BUILD FAILED in 2s
34 actionable tasks: 1 executed, 33 up-to-date
